C:\Users\sruja\Early-parkinson-detection\venv\Lib\site-packages\torch\_subclasses\functional_tensor.py:279: UserWarning: Failed to initialize NumPy: DLL load failed while importing _multiarray_umath: The specified module could not be found. (Triggered internally at C:\actions-runner\_work\pytorch\pytorch\pytorch\torch\csrc\utils\tensor_numpy.cpp:84.)
  cpu = _conversion_method_template(device=torch.device("cpu"))
Testing imports...
Traceback (most recent call last):
  File "C:\Users\sruja\Early-parkinson-detection\test_imports.py", line 14, in <module>
    print("\u2713 image_processor imported")
  File "C:\Program Files\WindowsApps\PythonSoftwareFoundation.Python.3.11_3.11.2544.0_x64__qbz5n2kfra8p0\Lib\encodings\cp1252.py", line 19, in encode
    return codecs.charmap_encode(input,self.errors,encoding_table)[0]
           ^^^^^^^^^^^^^^^^^^^^^^^^^^^^^^^^^^^^^^^^^^^^^^^^^^^^^^^
UnicodeEncodeError: 'charmap' codec can't encode character '\u2713' in position 0: character maps to <undefined>
